
> universaty_libarary@1.0.0 build
> next build --webpack

Γû▓ Next.js 16.2.11 (webpack)
- Environments: .env
- Experiments (use with caution):
  Γ£ô optimizeCss

  Creating an optimized production build ...
Γ£ô Compiled successfully in 12.7s
  Running TypeScript ...
  Finished TypeScript in 20.2s ...
  Collecting page data using 3 workers ...
npm : [Upstash QStash] client token is not set. Either pass a token or set 
QSTASH_TOKEN env variable.
At line:1 char:1
+ npm run build *> build-output.txt; Write-Output "EXIT:$LASTEXITCODE"
+ ~~~~~~~~~~~~~~~~~~~~~~~~~~~~~~~~~
    + CategoryInfo          : NotSpecified: ([Upstash QStash...N env variable. 
   :String) [], RemoteException
    + FullyQualifiedErrorId : NativeCommandError
 
[Upstash Redis] The 'url' property is missing or undefined in your Redis 
config.
[Upstash Redis] The 'token' property is missing or undefined in your Redis 
config.
  Generating static pages using 3 workers (0/16) ...
[Upstash Redis] The 'url' property is missing or undefined in your Redis 
config.
[Upstash Redis] The 'token' property is missing or undefined in your Redis 
config.
  Generating static pages using 3 workers (4/16) 
  Generating static pages using 3 workers (8/16) 
  Generating static pages using 3 workers (12/16) 
Γ£ô Generating static pages using 3 workers (16/16) in 1566ms
  Finalizing page optimization ...
  Collecting build traces ...

Route (app)
Γöî ╞Æ /
Γö£ ╞Æ /_not-found
Γö£ ╞Æ /admin
Γö£ ╞Æ /admin/account-requests
Γö£ ╞Æ /admin/books
Γö£ ╞Æ /admin/books/edit/[id]
Γö£ ╞Æ /admin/books/new
Γö£ ╞Æ /admin/borrow-records
Γö£ ╞Æ /admin/users
Γö£ ╞Æ /api/auth/[...nextauth]
Γö£ ╞Æ /api/auth/imagekit
Γö£ ╞Æ /api/workflow/onboarding
Γö£ ╞Æ /books/[id]
Γö£ ╞Æ /my-profile
Γö£ ╞Æ /search
Γö£ ╞Æ /sign-in
Γö£ ╞Æ /sign-up
Γöö ╞Æ /too-fast


╞Æ  (Dynamic)  server-rendered on demand

